
> high-voltage@0.1.0 build
> next build

▲ Next.js 16.1.6 (Turbopack)

⚠ The "middleware" file convention is deprecated. Please use "proxy" instead. Learn more: https://nextjs.org/docs/messages/middleware-to-proxy
  Creating an optimized production build ...
✓ Compiled successfully in 13.2s
  Running TypeScript ...
  Collecting page data using 15 workers ...
  Generating static pages using 15 workers (0/18) ...
  Generating static pages using 15 workers (4/18) 
  Generating static pages using 15 workers (8/18) 
⨯ useSearchParams() should be wrapped in a suspense boundary at page "/success". Read more: https://nextjs.org/docs/messages/missing-suspense-with-csr-bailout
    at Q (D:\AF\high-voltage\.next\server\chunks\ssr\node_modules_next_920e7746._.js:2:2111)
    at o (D:\AF\high-voltage\.next\server\chunks\ssr\node_modules_next_920e7746._.js:4:5284)
    at k (D:\AF\high-voltage\.next\server\chunks\ssr\src_app_success_page_tsx_25d7a20e._.js:1:346)
    at an (D:\AF\high-voltage\node_modules\next\dist\compiled\next-server\app-page-turbo.runtime.prod.js:2:84360)
    at ai (D:\AF\high-voltage\node_modules\next\dist\compiled\next-server\app-page-turbo.runtime.prod.js:2:86179)
    at al (D:\AF\high-voltage\node_modules\next\dist\compiled\next-server\app-page-turbo.runtime.prod.js:2:107953)
    at as (D:\AF\high-voltage\node_modules\next\dist\compiled\next-server\app-page-turbo.runtime.prod.js:2:105368)
    at aa (D:\AF\high-voltage\node_modules\next\dist\compiled\next-server\app-page-turbo.runtime.prod.js:2:84712)
    at ai (D:\AF\high-voltage\node_modules\next\dist\compiled\next-server\app-page-turbo.runtime.prod.js:2:86228)
    at ai (D:\AF\high-voltage\node_modules\next\dist\compiled\next-server\app-page-turbo.runtime.prod.js:2:104708)
Error occurred prerendering page "/success". Read more: https://nextjs.org/docs/messages/prerender-error
Export encountered an error on /success/page: /success, exiting the build.
⨯ Next.js build worker exited with code: 1 and signal: null
